
> memorial-app@0.1.1 build
> next build

Γû▓ Next.js 16.2.9 (Turbopack)
- Environments: .env.local

  Creating an optimized production build ...
node.exe : Turbopack build encountered 1 warnings:
At line:1 char:1
+ & "C:\Program Files\nodejs/node.exe" "C:\Program Files\nodejs/node_mo ...
+ ~~~~~~~~~~~~~~~~~~~~~~~~~~~~~~~~~~~~~~~~~~~~~~~~~~~~~~~~~~~~~~~~~~~~~
    + CategoryInfo          : NotSpecified: (Turbopack build encountered 1 war 
   nings::String) [], RemoteException
    + FullyQualifiedErrorId : NativeCommandError
 
./next.config.mjs
Encountered unexpected file in NFT list
A file was traced that indicates that the whole project was traced 
unintentionally. Somewhere in the import trace below, there are:
- filesystem operations (like path.join, path.resolve or fs.readFile), or
- very dynamic requires (like require('./' + foo)).
To resolve this, you can
- remove them if possible, or
- only use them in development, or
- make sure they are statically scoped to some subfolder: 
path.join(process.cwd(), 'data', bar), or
- add ignore comments: path.join(/*turbopackIgnore: true*/ process.cwd(), bar)

Import trace:
  App Route:
    ./next.config.mjs
    ./lib/local-data.ts
    ./lib/repo.ts
    ./app/api/admin/tributes/[id]/route.ts


Γ£ô Compiled successfully in 5.4s
  Running TypeScript ...
  Finished TypeScript in 3.0s ...
  Collecting page data using 11 workers ...
  Generating static pages using 11 workers (0/20) ...
getCurrentTenant error: Error: Dynamic server usage: Route /admin couldn't be 
rendered statically because it used `cookies`. See more info here: 
https://nextjs.org/docs/messages/dynamic-server-error
    at n 
(C:\Users\eakee\ZCodeProject\.next\server\chunks\ssr\_1409p3e._.js:1:9478)
    at t 
(C:\Users\eakee\ZCodeProject\.next\server\chunks\ssr\_0r1kl_m._.js:1:55730)
    at x 
(C:\Users\eakee\ZCodeProject\.next\server\chunks\ssr\_0r1kl_m._.js:1:56451) {
  description: "Route /admin couldn't be rendered statically because it used 
`cookies`. See more info here: 
https://nextjs.org/docs/messages/dynamic-server-error",
  digest: 'DYNAMIC_SERVER_USAGE'
}
getCurrentTenant error: Error: Dynamic server usage: Route /admin/memorial 
couldn't be rendered statically because it used `cookies`. See more info here: 
https://nextjs.org/docs/messages/dynamic-server-error
    at n 
(C:\Users\eakee\ZCodeProject\.next\server\chunks\ssr\_1409p3e._.js:1:9478)
    at t 
(C:\Users\eakee\ZCodeProject\.next\server\chunks\ssr\_0r1kl_m._.js:1:55730)
    at h (C:\Users\eakee\ZCodeProject\.next\server\chunks\ssr\[root-of-the-serv
er]__1sib25m._.js:1:3925)
    at stringify (<anonymous>) {
  description: "Route /admin/memorial couldn't be rendered statically because 
it used `cookies`. See more info here: 
https://nextjs.org/docs/messages/dynamic-server-error",
  digest: 'DYNAMIC_SERVER_USAGE'
}
getCurrentTenant error: Error: Dynamic server usage: Route /admin/gallery 
couldn't be rendered statically because it used `cookies`. See more info here: 
https://nextjs.org/docs/messages/dynamic-server-error
    at n 
(C:\Users\eakee\ZCodeProject\.next\server\chunks\ssr\_1409p3e._.js:1:9478)
    at t 
(C:\Users\eakee\ZCodeProject\.next\server\chunks\ssr\_0r1kl_m._.js:1:55730)
    at i (C:\Users\eakee\ZCodeProject\.next\server\chunks\ssr\[root-of-the-serv
er]__08zyv-3._.js:1:3938)
    at stringify (<anonymous>) {
  description: "Route /admin/gallery couldn't be rendered statically because 
it used `cookies`. See more info here: 
https://nextjs.org/docs/messages/dynamic-server-error",
  digest: 'DYNAMIC_SERVER_USAGE'
}
getCurrentTenant error: Error: Dynamic server usage: Route /admin/billing 
couldn't be rendered statically because it used `cookies`. See more info here: 
https://nextjs.org/docs/messages/dynamic-server-error
    at n 
(C:\Users\eakee\ZCodeProject\.next\server\chunks\ssr\_1409p3e._.js:1:9478)
    at t 
(C:\Users\eakee\ZCodeProject\.next\server\chunks\ssr\_0r1kl_m._.js:1:55730)
    at g (C:\Users\eakee\ZCodeProject\.next\server\chunks\ssr\[root-of-the-serv
er]__02_p4pm._.js:1:3955)
    at stringify (<anonymous>) {
  description: "Route /admin/billing couldn't be rendered statically because 
it used `cookies`. See more info here: 
https://nextjs.org/docs/messages/dynamic-server-error",
  digest: 'DYNAMIC_SERVER_USAGE'
}
getCurrentTenant error: Error: Dynamic server usage: Route /admin/tributes 
couldn't be rendered statically because it used `cookies`. See more info here: 
https://nextjs.org/docs/messages/dynamic-server-error
    at n 
(C:\Users\eakee\ZCodeProject\.next\server\chunks\ssr\_1409p3e._.js:1:9478)
    at t 
(C:\Users\eakee\ZCodeProject\.next\server\chunks\ssr\_0r1kl_m._.js:1:55730)
    at h (C:\Users\eakee\ZCodeProject\.next\server\chunks\ssr\[root-of-the-serv
er]__16p19da._.js:1:3938)
    at stringify (<anonymous>) {
  description: "Route /admin/tributes couldn't be rendered statically because 
it used `cookies`. See more info here: 
https://nextjs.org/docs/messages/dynamic-server-error",
  digest: 'DYNAMIC_SERVER_USAGE'
}
  Generating static pages using 11 workers (5/20) 
  Generating static pages using 11 workers (10/20) 
  Generating static pages using 11 workers (15/20) 
Γ£ô Generating static pages using 11 workers (20/20) in 593ms
  Finalizing page optimization ...

Route (app)
Γöî Γùï /
Γö£ Γùï /_not-found
Γö£ ╞Æ /admin
Γö£ ╞Æ /admin/billing
Γö£ ╞Æ /admin/gallery
Γö£ ╞Æ /admin/memorial
Γö£ ╞Æ /admin/tributes
Γö£ ╞Æ /api/admin/media
Γö£ ╞Æ /api/admin/memorial/[id]
Γö£ ╞Æ /api/admin/shared-photos/[id]
Γö£ ╞Æ /api/admin/tributes/[id]
Γö£ ╞Æ /api/auth/login
Γö£ ╞Æ /api/auth/logout
Γö£ ╞Æ /api/auth/signup
Γö£ ╞Æ /api/shared-photos
Γö£ ╞Æ /api/stripe/checkout
Γö£ ╞Æ /api/stripe/webhook
Γö£ ╞Æ /api/tributes
Γö£ ╞Æ /api/upload
Γö£ Γùï /login
Γö£ ╞Æ /m/[slug]
Γö£ Γùï /pricing
Γöö Γùï /signup


╞Æ Proxy (Middleware)

Γùï  (Static)   prerendered as static content
╞Æ  (Dynamic)  server-rendered on demand

